/home/kliem/miniconda3/envs/BufferTest/lib/python3.11/site-packages/pygame/pkgdata.py:25: UserWarning: pkg_resources is deprecated as an API. See https://setuptools.pypa.io/en/latest/pkg_resources.html. The pkg_resources package is slated for removal as early as 2025-11-30. Refrain from using this package or pin to Setuptools<81.
  from pkg_resources import resource_stream, resource_exists
/home/kliem/miniconda3/envs/BufferTest/lib/python3.11/site-packages/torch/autograd/graph.py:869: UserWarning: CUDA initialization: The NVIDIA driver on your system is too old (found version 12030). Please update your GPU driver by downloading and installing a new version from the URL: http://www.nvidia.com/Download/index.aspx Alternatively, go to: https://pytorch.org to install a PyTorch version that has been compiled with your version of the CUDA driver. (Triggered internally at /pytorch/c10/cuda/CUDAFunctions.cpp:119.)
  return Variable._execution_engine.run_backward(  # Calls into the C++ engine to run the backward pass
Iteration 1/625 | Iteration Elapsed 77.29909896850586 | Average: {'agent_0': 0.0, 'agent_1': 0.0, 'agent_2': 0.0, 'agent_3': 0.0, 'agent_4': 0.0, 'agent_5': 0.0} | SPS 310.48212810375423 | Policy Update 43.44688653945923
/home/kliem/miniconda3/envs/BufferTest/lib/python3.11/multiprocessing/resource_tracker.py:254: UserWarning: resource_tracker: There appear to be 30 leaked shared_memory objects to clean up at shutdown
  warnings.warn('resource_tracker: There appear to be %d '
/home/kliem/miniconda3/envs/BufferTest/lib/python3.11/site-packages/pygame/pkgdata.py:25: UserWarning: pkg_resources is deprecated as an API. See https://setuptools.pypa.io/en/latest/pkg_resources.html. The pkg_resources package is slated for removal as early as 2025-11-30. Refrain from using this package or pin to Setuptools<81.
  from pkg_resources import resource_stream, resource_exists
/home/kliem/miniconda3/envs/BufferTest/lib/python3.11/site-packages/torch/autograd/graph.py:869: UserWarning: CUDA initialization: The NVIDIA driver on your system is too old (found version 12030). Please update your GPU driver by downloading and installing a new version from the URL: http://www.nvidia.com/Download/index.aspx Alternatively, go to: https://pytorch.org to install a PyTorch version that has been compiled with your version of the CUDA driver. (Triggered internally at /pytorch/c10/cuda/CUDAFunctions.cpp:119.)
  return Variable._execution_engine.run_backward(  # Calls into the C++ engine to run the backward pass
Iteration 1/625 | Iteration Elapsed 67.45129609107971 | Average: {'agent_0': 0.0, 'agent_1': 0.0, 'agent_2': 0.0, 'agent_3': 0.0, 'agent_4': 0.0, 'agent_5': 0.0} | SPS 355.8121397310173 | Policy Update 41.306984424591064
Iteration 2/625 | Iteration Elapsed 68.94601035118103 | Average: {'agent_0': 0.0, 'agent_1': 0.0, 'agent_2': 0.0, 'agent_3': 0.0, 'agent_4': 0.0, 'agent_5': 0.0} | SPS 348.098351280577 | Policy Update 40.76501941680908
Iteration 3/625 | Iteration Elapsed 68.06068181991577 | Average: {'agent_0': 0.0, 'agent_1': 0.0, 'agent_2': 0.0, 'agent_3': 0.0, 'agent_4': 0.0, 'agent_5': 0.0} | SPS 352.6264009180457 | Policy Update 41.2684440612793
Iteration 4/625 | Iteration Elapsed 68.77106523513794 | Average: {'agent_0': 0.0, 'agent_1': 0.0, 'agent_2': 0.0, 'agent_3': 0.0, 'agent_4': 0.0, 'agent_5': 0.0} | SPS 348.9838981446081 | Policy Update 41.06273126602173
Iteration 5/625 | Iteration Elapsed 69.11201858520508 | Average: {'agent_0': 0.0, 'agent_1': 0.0, 'agent_2': 0.0, 'agent_3': 0.0, 'agent_4': 0.0, 'agent_5': 0.0} | SPS 347.26222660829865 | Policy Update 41.33543419837952
Iteration 6/625 | Iteration Elapsed 67.576655626297 | Average: {'agent_0': 0.0, 'agent_1': 0.0, 'agent_2': 0.0, 'agent_3': 0.0, 'agent_4': 0.0, 'agent_5': 0.0} | SPS 355.1521356344044 | Policy Update 41.017027139663696
Iteration 7/625 | Iteration Elapsed 68.55228805541992 | Average: {'agent_0': 0.0, 'agent_1': 0.0, 'agent_2': 0.0, 'agent_3': 0.0, 'agent_4': 0.0, 'agent_5': 0.0} | SPS 350.0976408643346 | Policy Update 41.23138737678528
Iteration 8/625 | Iteration Elapsed 69.14049315452576 | Average: {'agent_0': 0.0, 'agent_1': 0.0, 'agent_2': 0.0, 'agent_3': 0.0, 'agent_4': 0.0, 'agent_5': 0.0} | SPS 347.11921263140147 | Policy Update 41.21647024154663
Iteration 9/625 | Iteration Elapsed 68.77004146575928 | Average: {'agent_0': 0.0, 'agent_1': 0.0, 'agent_2': 0.0, 'agent_3': 0.0, 'agent_4': 0.0, 'agent_5': 0.0} | SPS 348.98907889588367 | Policy Update 41.197628021240234
Iteration 10/625 | Iteration Elapsed 68.11056518554688 | Average: {'agent_0': 0.0, 'agent_1': 0.0, 'agent_2': 0.0, 'agent_3': 0.0, 'agent_4': 0.0, 'agent_5': 0.0} | SPS 352.36813915297995 | Policy Update 41.141722440719604
Iteration 11/625 | Iteration Elapsed 68.99404120445251 | Average: {'agent_0': 0.0, 'agent_1': 0.0, 'agent_2': 0.0, 'agent_3': 0.0, 'agent_4': 0.0, 'agent_5': 0.0} | SPS 347.85602901824615 | Policy Update 41.907490491867065
Iteration 12/625 | Iteration Elapsed 68.55137920379639 | Average: {'agent_0': 0.0, 'agent_1': 0.0, 'agent_2': 0.0, 'agent_3': 0.0, 'agent_4': 0.0, 'agent_5': 0.0} | SPS 350.10227148591997 | Policy Update 41.14562773704529
Iteration 13/625 | Iteration Elapsed 68.12978529930115 | Average: {'agent_0': 0.0, 'agent_1': 0.0, 'agent_2': 0.0, 'agent_3': 0.0, 'agent_4': 0.0, 'agent_5': 0.0} | SPS 352.26875099354487 | Policy Update 41.08436965942383
Iteration 14/625 | Iteration Elapsed 68.79180479049683 | Average: {'agent_0': 0.0, 'agent_1': 0.0, 'agent_2': 0.0, 'agent_3': 0.0, 'agent_4': 0.0, 'agent_5': 0.0} | SPS 348.87866855041113 | Policy Update 41.20543599128723
Iteration 15/625 | Iteration Elapsed 68.16515445709229 | Average: {'agent_0': 0.0, 'agent_1': 0.0, 'agent_2': 0.0, 'agent_3': 0.0, 'agent_4': 0.0, 'agent_5': 0.0} | SPS 352.0859431484743 | Policy Update 41.40876579284668
Iteration 16/625 | Iteration Elapsed 68.12293744087219 | Average: {'agent_0': 0.0, 'agent_1': 0.0, 'agent_2': 0.0, 'agent_3': 0.0, 'agent_4': 0.0, 'agent_5': 0.0} | SPS 352.30414943792107 | Policy Update 40.758731842041016
Iteration 17/625 | Iteration Elapsed 69.12057375907898 | Average: {'agent_0': 0.0, 'agent_1': 0.0, 'agent_2': 0.0, 'agent_3': 0.0, 'agent_4': 0.0, 'agent_5': 0.0} | SPS 347.219246566701 | Policy Update 41.70583248138428
Iteration 18/625 | Iteration Elapsed 68.02426743507385 | Average: {'agent_0': 0.0, 'agent_1': 0.0, 'agent_2': 0.0, 'agent_3': 0.0, 'agent_4': 0.0, 'agent_5': 0.0} | SPS 352.8151656961833 | Policy Update 41.18973398208618
Iteration 19/625 | Iteration Elapsed 69.25619459152222 | Average: {'agent_0': 0.0, 'agent_1': 0.0, 'agent_2': 0.0, 'agent_3': 0.0, 'agent_4': 0.0, 'agent_5': 0.0} | SPS 346.53932430197744 | Policy Update 41.533451080322266
Iteration 20/625 | Iteration Elapsed 67.81854438781738 | Average: {'agent_0': 0.0, 'agent_1': 0.0, 'agent_2': 0.0, 'agent_3': 0.0, 'agent_4': 0.0, 'agent_5': 0.0} | SPS 353.885404260671 | Policy Update 41.080952167510986
Iteration 21/625 | Iteration Elapsed 69.15056490898132 | Average: {'agent_0': 0.0, 'agent_1': 0.0, 'agent_2': 0.0, 'agent_3': 0.0, 'agent_4': 0.0, 'agent_5': 0.0} | SPS 347.0686692183481 | Policy Update 41.530219078063965
Iteration 22/625 | Iteration Elapsed 68.30808448791504 | Average: {'agent_0': 0.0, 'agent_1': 0.0, 'agent_2': 0.0, 'agent_3': 0.0, 'agent_4': 0.0, 'agent_5': 0.0} | SPS 351.3492409213121 | Policy Update 41.0656373500824
Iteration 23/625 | Iteration Elapsed 68.81865739822388 | Average: {'agent_0': 0.0, 'agent_1': 0.0, 'agent_2': 0.0, 'agent_3': 0.0, 'agent_4': 0.0, 'agent_5': 0.0} | SPS 348.7425359077598 | Policy Update 41.10463213920593
Iteration 24/625 | Iteration Elapsed 68.19352793693542 | Average: {'agent_0': 0.0, 'agent_1': 0.0, 'agent_2': 0.0, 'agent_3': 0.0, 'agent_4': 0.0, 'agent_5': 0.0} | SPS 351.9394645343306 | Policy Update 41.01757049560547
